 init_parallel: see also LOG-DOMIPROD
 init_logs: TIMES.DOMIPROD-0001.SBE_multband.txt is open...
 init_logs: SIZES.DOMIPROD-0001.SBE_multband.txt is open...
 init_logs: MEMORY.DOMIPROD-0001.SBE_multband.txt will be open...
 dvr point lower than supplied potential range!   0.0000000000000000       5.00000000000000018E-011
